Arguments: 
  /Users/hadv/.nvm/versions/node/v14.17.4/bin/node /usr/local/Cellar/yarn/1.22.11/libexec/bin/yarn.js install

PATH: 
  /Users/hadv/.nvm/versions/node/v14.17.4/bin:/usr/local/opt/mysql@5.7/bin:/Users/hadv/.cargo/bin:/usr/local/bin:/usr/bin:/bin:/usr/sbin:/sbin:/usr/local/MacGPG2/bin:/Library/Apple/usr/bin:/Users/hadv/development/flutter/bin:/Users/hadv/go/bin:/Users/hadv/.web3j

Yarn version: 
  1.22.11

Node version: 
  14.17.4

Platform: 
  darwin x64

Trace: 
  SyntaxError: /Users/hadv/eif/contracts/package.json: Unexpected token } in JSON at position 709
      at JSON.parse (<anonymous>)
      at /usr/local/Cellar/yarn/1.22.11/libexec/lib/cli.js:1625:59
      at Generator.next (<anonymous>)
      at step (/usr/local/Cellar/yarn/1.22.11/libexec/lib/cli.js:310:30)
      at /usr/local/Cellar/yarn/1.22.11/libexec/lib/cli.js:321:13

npm manifest: 
  {
    "name": "hardhat-template",
    "version": "0.0.1",
    "description": "",
    "main": "index.js",
    "scripts": {
      "clean": "cross-env TS_NODE_TRANSPILE_ONLY=true npx hardhat clean",
      "compile": "cross-env TS_NODE_TRANSPILE_ONLY=true npx hardhat compile",
      "test": "npx hardhat test",
      "typechain": "cross-env TS_NODE_TRANSPILE_ONLY=true hardhat typechain",
      "coverage": "cross-env CODE_COVERAGE=true hardhat coverage --solcoverjs ./.solcover.js --temp artifacts --testfiles \"./test/**/*.ts\"",
      "deploy": "npx hardhat deploy:bridge",
      "prepare-upgrade": "npx hardhat prepare:bridge",
      "upgrade-contract": "npx hardhat upgrade:bridge",
      "deploy:token": "npx hardhat deploy:token",
    },
    "author": "",
    "license": "MIT",
    "devDependencies": {
      "@nomiclabs/hardhat-ethers": "^2.0.2",
      "@nomiclabs/hardhat-etherscan": "^2.1.3",
      "@nomiclabs/hardhat-waffle": "^2.0.1",
      "@openzeppelin/hardhat-upgrades": "^1.17.0",
      "@typechain/ethers-v5": "^7.0.1",
      "@typechain/hardhat": "^2.0.2",
      "@types/chai": "^4.2.18",
      "@types/ethjs-util": "^0.1.1",
      "@types/fs-extra": "^9.0.12",
      "@types/mocha": "^8.2.2",
      "@types/node": "^15.12.2",
      "chai": "^4.3.4",
      "cross-env": "^7.0.3",
      "dotenv": "^10.0.0",
      "ethereum-waffle": "^3.3.0",
      "ethers": "^5.3.1",
      "fs-extra": "^10.0.0",
      "hardhat": "^2.6.0",
      "hardhat-gas-reporter": "^1.0.4",
      "prettier": "^2.3.1",
      "prettier-plugin-solidity": "^1.0.0-beta.13",
      "solhint": "^3.3.6",
      "solhint-plugin-prettier": "^0.0.5",
      "solidity-coverage": "^0.7.16",
      "ts-generator": "^0.1.1",
      "ts-node": "^10.0.0",
      "typechain": "^5.0.0",
      "typescript": "^4.3.2",
      "yarn-upgrade-all": "^0.5.4"
    },
    "dependencies": {
      "@openzeppelin/contracts": "^4.4.2",
      "@openzeppelin/contracts-upgradeable": "^4.5.2"
    }
  }

yarn manifest: 
  No manifest

Lockfile: 
  No lockfile
